id,path,name,latest_commit,files,loc,words,files_with_kw,files_with_tests/data/keywords/java_float.json,files_with_tests/data/keywords/scala_float.json,loc_with_kw,loc_of_files_with_tests/data/keywords/java_float.json,loc_of_files_with_tests/data/keywords/scala_float.json,words_with_kw,words_of_files_with_tests/data/keywords/java_float.json,words_of_files_with_tests/data/keywords/scala_float.json,tests/data/keywords/java_float.json,tests/data/keywords/scala_float.json
0,error,http404,0,0,0,0,0,0,0,0,0,0,0,0,0,0,0
871212690,target/tests/java_scala_float_double/0/871212690-38d21aa3c08051a53fb5a1c88d1c97cde8432b36,francesco-scrapper/recent-id-2,38d21aa3c08051a53fb5a1c88d1c97cde8432b36,6,19,52,5,2,4,14,7,13,37,17,36,2,4
