id,path,name,language,loc,words,tests/data/keywords/fp_types.json,tests/data/keywords/fp_transcendental.json,tests/data/keywords/fp_others.json,loop_statements,loop_nestings,if_statements,if_nestings,functions_calls,function_calls_nestings,params,param_kw_match,parse_error
0,tests/data/phases/parse/weird.go.functions/0,GetDoubleWithDefault,go,7,33,3,0,0,0,0,0,0,8,2,3,1,0
0,tests/data/phases/parse/weird.go.functions/1,polarToCartesian,go,5,19,2,2,0,0,0,0,0,2,1,2,2,0
1,tests/data/phases/parse/several_functions.go.functions/0,sumFloats,go,7,17,2,0,0,1,1,0,0,0,0,1,1,0
1,tests/data/phases/parse/several_functions.go.functions/1,polarToCartesian,go,5,19,2,2,0,0,0,0,0,2,1,2,2,0
1,tests/data/phases/parse/several_functions.go.functions/2,complexMagnitude,go,3,9,1,0,0,0,0,0,0,1,1,1,0,0
1,tests/data/phases/parse/several_functions.go.functions/3,deferredDivision,go,9,19,2,0,1,0,0,1,1,2,2,2,2,0
1,tests/data/phases/parse/several_functions.go.functions/4,approximateSqrt,go,6,22,2,0,0,0,0,1,1,2,1,1,1,0
1,tests/data/phases/parse/several_functions.go.functions/6,trigonometricMap,go,7,30,2,3,0,0,0,0,0,3,1,0,0,0
1,tests/data/phases/parse/several_functions.go.functions/7,generateSineWave,go,6,29,4,1,0,1,1,0,0,4,2,3,2,0
1,tests/data/phases/parse/several_functions.go.functions/8,classifyFloat,go,16,39,1,0,3,0,0,1,1,3,1,1,1,0
1,tests/data/phases/parse/several_functions.go.functions/9,findFirstAboveThreshold,go,8,22,3,0,0,1,1,1,1,0,0,4,3,0
1,tests/data/phases/parse/several_functions.go.functions/10,selectFromChannels,go,20,47,2,0,0,0,0,0,0,8,2,0,0,0
1,tests/data/phases/parse/several_functions.go.functions/11,safeDivision,go,12,33,2,0,1,0,0,2,1,5,2,2,2,0
1,tests/data/phases/parse/several_functions.go.functions/12,main,go,56,168,2,0,1,2,1,1,1,29,3,0,0,0
